// Jest Snapshot v1, https://goo.gl/fbAQLP

exports[`ContinentCards render ContinentCards 1`] = `<ContinentCards />`;
