// Jest Snapshot v1, https://goo.gl/fbAQLP

exports[`InputArea render 1`] = `
<View
  style={
    Object {
      "paddingBottom": NaN,
      "paddingTop": NaN,
    }
  }
>
  <View
    style={
      Object {
        "backgroundColor": "#6200ee",
        "borderColor": "transparent",
        "borderRadius": 4,
        "borderStyle": "solid",
        "borderWidth": 0,
        "elevation": 2,
        "marginTop": undefined,
        "minWidth": 64,
        "shadowColor": "#000000",
        "shadowOffset": Object {
          "height": 0.75,
          "width": 0,
        },
        "shadowOpacity": 0.24,
        "shadowRadius": 1.5,
      }
    }
  >
    <View
      accessibilityRole="button"
      accessibilityState={
        Object {
          "disabled": undefined,
        }
      }
      accessible={true}
      focusable={true}
      onClick={[Function]}
      onResponderGrant={[Function]}
      onResponderMove={[Function]}
      onResponderRelease={[Function]}
      onResponderTerminate={[Function]}
      onResponderTerminationRequest={[Function]}
      onStartShouldSetResponder={[Function]}
      style={
        Array [
          Object {
            "overflow": "hidden",
          },
          Object {
            "borderRadius": 4,
          },
        ]
      }
    >
      <View
        style={
          Array [
            Object {
              "alignItems": "center",
              "flexDirection": "row",
              "justifyContent": "center",
            },
            undefined,
          ]
        }
      >
        <View
          style={
            Object {
              "marginLeft": 12,
              "marginRight": -4,
            }
          }
        >
          <Text
            accessibilityElementsHidden={true}
            importantForAccessibility="no-hide-descendants"
            pointerEvents="none"
            selectable={false}
            style={
              Array [
                Object {
                  "backgroundColor": "transparent",
                },
                Object {
                  "color": "#ffffff",
                  "fontSize": 16,
                },
              ]
            }
          >
            â–¡
          </Text>
        </View>
        <Text
          numberOfLines={1}
          selectable={false}
          style={
            Array [
              Object {
                "color": "#000000",
                "fontFamily": "System",
                "fontWeight": "400",
              },
              Object {
                "textAlign": "left",
              },
              Array [
                Object {
                  "letterSpacing": 1,
                  "marginHorizontal": 16,
                  "marginVertical": 9,
                  "textAlign": "center",
                },
                undefined,
                Object {
                  "textTransform": "uppercase",
                },
                Object {
                  "color": "#ffffff",
                  "fontFamily": "System",
                  "fontWeight": "500",
                },
                Object {
                  "fontFamily": "System",
                  "fontWeight": "500",
                },
                undefined,
              ],
            ]
          }
        >
          Search
        </Text>
      </View>
    </View>
  </View>
</View>
`;
