// Jest Snapshot v1, https://goo.gl/fbAQLP

exports[`Maps render 1`] = `<View />`;
