// Jest Snapshot v1, https://goo.gl/fbAQLP

exports[`ContinentCards render component ContinentCards 1`] = `
<View
  style={
    Object {
      "marginTop": NaN,
    }
  }
>
  <View
    accessible={true}
    focusable={true}
    onClick={[Function]}
    onResponderGrant={[Function]}
    onResponderMove={[Function]}
    onResponderRelease={[Function]}
    onResponderTerminate={[Function]}
    onResponderTerminationRequest={[Function]}
    onStartShouldSetResponder={[Function]}
    style={
      Object {
        "opacity": 1,
      }
    }
    testID="Europe"
  >
    <View
      style={
        Object {
          "backgroundColor": "#ffffff",
          "borderRadius": 4,
          "elevation": 1,
          "marginTop": NaN,
          "shadowColor": "#000000",
          "shadowOffset": Object {
            "height": 0.5,
            "width": 0,
          },
          "shadowOpacity": 0.24,
          "shadowRadius": 0.75,
        }
      }
    >
      <View
        accessible={true}
        focusable={false}
        onClick={[Function]}
        onResponderGrant={[Function]}
        onResponderMove={[Function]}
        onResponderRelease={[Function]}
        onResponderTerminate={[Function]}
        onResponderTerminationRequest={[Function]}
        onStartShouldSetResponder={[Function]}
        style={
          Object {
            "flexGrow": 1,
            "flexShrink": 1,
          }
        }
      >
        <View
          style={
            Array [
              Object {
                "backgroundColor": "#eeeeee",
                "height": 195,
                "overflow": "hidden",
              },
              Object {
                "borderTopLeftRadius": 4,
                "borderTopRightRadius": 4,
              },
              undefined,
            ]
          }
        >
          <Image
            siblings={
              Array [
                "withTheme(Card.Cover)",
              ]
            }
            source={
              Object {
                "uri": undefined,
              }
            }
            style={
              Array [
                Object {
                  "flex": 1,
                  "height": undefined,
                  "justifyContent": "flex-end",
                  "padding": 16,
                  "width": undefined,
                },
                Object {
                  "borderTopLeftRadius": 4,
                  "borderTopRightRadius": 4,
                },
              ]
            }
          />
        </View>
        <Text
          index={1}
          siblings={
            Array [
              "withTheme(Card.Cover)",
            ]
          }
          style={
            Array [
              Object {
                "color": "#000000",
                "fontFamily": "System",
                "fontWeight": "400",
              },
              Object {
                "textAlign": "left",
              },
              Array [
                Object {
                  "textAlign": "left",
                },
                Object {
                  "color": "rgba(0, 0, 0, 0.87)",
                  "fontFamily": "System",
                  "fontWeight": "500",
                  "writingDirection": "ltr",
                },
                Array [
                  Object {
                    "fontSize": 20,
                    "letterSpacing": 0.15,
                    "lineHeight": 30,
                    "marginVertical": 2,
                  },
                  Object {
                    "backgroundColor": "rgba(0, 0, 0, 0.63)",
                    "bottom": 0,
                    "color": undefined,
                    "fontSize": NaN,
                    "height": NaN,
                    "position": "absolute",
                    "textAlign": "center",
                    "textAlignVertical": "center",
                    "textTransform": "uppercase",
                    "width": "100%",
                  },
                ],
              ],
            ]
          }
          total={2}
        >
          Europe
        </Text>
      </View>
    </View>
  </View>
  <View
    accessible={true}
    focusable={true}
    onClick={[Function]}
    onResponderGrant={[Function]}
    onResponderMove={[Function]}
    onResponderRelease={[Function]}
    onResponderTerminate={[Function]}
    onResponderTerminationRequest={[Function]}
    onStartShouldSetResponder={[Function]}
    style={
      Object {
        "opacity": 1,
      }
    }
    testID="Asia"
  >
    <View
      style={
        Object {
          "backgroundColor": "#ffffff",
          "borderRadius": 4,
          "elevation": 1,
          "marginTop": NaN,
          "shadowColor": "#000000",
          "shadowOffset": Object {
            "height": 0.5,
            "width": 0,
          },
          "shadowOpacity": 0.24,
          "shadowRadius": 0.75,
        }
      }
    >
      <View
        accessible={true}
        focusable={false}
        onClick={[Function]}
        onResponderGrant={[Function]}
        onResponderMove={[Function]}
        onResponderRelease={[Function]}
        onResponderTerminate={[Function]}
        onResponderTerminationRequest={[Function]}
        onStartShouldSetResponder={[Function]}
        style={
          Object {
            "flexGrow": 1,
            "flexShrink": 1,
          }
        }
      >
        <View
          style={
            Array [
              Object {
                "backgroundColor": "#eeeeee",
                "height": 195,
                "overflow": "hidden",
              },
              Object {
                "borderTopLeftRadius": 4,
                "borderTopRightRadius": 4,
              },
              undefined,
            ]
          }
        >
          <Image
            siblings={
              Array [
                "withTheme(Card.Cover)",
              ]
            }
            source={
              Object {
                "uri": undefined,
              }
            }
            style={
              Array [
                Object {
                  "flex": 1,
                  "height": undefined,
                  "justifyContent": "flex-end",
                  "padding": 16,
                  "width": undefined,
                },
                Object {
                  "borderTopLeftRadius": 4,
                  "borderTopRightRadius": 4,
                },
              ]
            }
          />
        </View>
        <Text
          index={1}
          siblings={
            Array [
              "withTheme(Card.Cover)",
            ]
          }
          style={
            Array [
              Object {
                "color": "#000000",
                "fontFamily": "System",
                "fontWeight": "400",
              },
              Object {
                "textAlign": "left",
              },
              Array [
                Object {
                  "textAlign": "left",
                },
                Object {
                  "color": "rgba(0, 0, 0, 0.87)",
                  "fontFamily": "System",
                  "fontWeight": "500",
                  "writingDirection": "ltr",
                },
                Array [
                  Object {
                    "fontSize": 20,
                    "letterSpacing": 0.15,
                    "lineHeight": 30,
                    "marginVertical": 2,
                  },
                  Object {
                    "backgroundColor": "rgba(0, 0, 0, 0.63)",
                    "bottom": 0,
                    "color": undefined,
                    "fontSize": NaN,
                    "height": NaN,
                    "position": "absolute",
                    "textAlign": "center",
                    "textAlignVertical": "center",
                    "textTransform": "uppercase",
                    "width": "100%",
                  },
                ],
              ],
            ]
          }
          total={2}
        >
          Asia
        </Text>
      </View>
    </View>
  </View>
  <View
    accessible={true}
    focusable={true}
    onClick={[Function]}
    onResponderGrant={[Function]}
    onResponderMove={[Function]}
    onResponderRelease={[Function]}
    onResponderTerminate={[Function]}
    onResponderTerminationRequest={[Function]}
    onStartShouldSetResponder={[Function]}
    style={
      Object {
        "opacity": 1,
      }
    }
    testID="Africa"
  >
    <View
      style={
        Object {
          "backgroundColor": "#ffffff",
          "borderRadius": 4,
          "elevation": 1,
          "marginTop": NaN,
          "shadowColor": "#000000",
          "shadowOffset": Object {
            "height": 0.5,
            "width": 0,
          },
          "shadowOpacity": 0.24,
          "shadowRadius": 0.75,
        }
      }
    >
      <View
        accessible={true}
        focusable={false}
        onClick={[Function]}
        onResponderGrant={[Function]}
        onResponderMove={[Function]}
        onResponderRelease={[Function]}
        onResponderTerminate={[Function]}
        onResponderTerminationRequest={[Function]}
        onStartShouldSetResponder={[Function]}
        style={
          Object {
            "flexGrow": 1,
            "flexShrink": 1,
          }
        }
      >
        <View
          style={
            Array [
              Object {
                "backgroundColor": "#eeeeee",
                "height": 195,
                "overflow": "hidden",
              },
              Object {
                "borderTopLeftRadius": 4,
                "borderTopRightRadius": 4,
              },
              undefined,
            ]
          }
        >
          <Image
            siblings={
              Array [
                "withTheme(Card.Cover)",
              ]
            }
            source={
              Object {
                "uri": undefined,
              }
            }
            style={
              Array [
                Object {
                  "flex": 1,
                  "height": undefined,
                  "justifyContent": "flex-end",
                  "padding": 16,
                  "width": undefined,
                },
                Object {
                  "borderTopLeftRadius": 4,
                  "borderTopRightRadius": 4,
                },
              ]
            }
          />
        </View>
        <Text
          index={1}
          siblings={
            Array [
              "withTheme(Card.Cover)",
            ]
          }
          style={
            Array [
              Object {
                "color": "#000000",
                "fontFamily": "System",
                "fontWeight": "400",
              },
              Object {
                "textAlign": "left",
              },
              Array [
                Object {
                  "textAlign": "left",
                },
                Object {
                  "color": "rgba(0, 0, 0, 0.87)",
                  "fontFamily": "System",
                  "fontWeight": "500",
                  "writingDirection": "ltr",
                },
                Array [
                  Object {
                    "fontSize": 20,
                    "letterSpacing": 0.15,
                    "lineHeight": 30,
                    "marginVertical": 2,
                  },
                  Object {
                    "backgroundColor": "rgba(0, 0, 0, 0.63)",
                    "bottom": 0,
                    "color": undefined,
                    "fontSize": NaN,
                    "height": NaN,
                    "position": "absolute",
                    "textAlign": "center",
                    "textAlignVertical": "center",
                    "textTransform": "uppercase",
                    "width": "100%",
                  },
                ],
              ],
            ]
          }
          total={2}
        >
          Africa
        </Text>
      </View>
    </View>
  </View>
</View>
`;
